SQL> set echo on
SQL> set serveroutput on
SQL> @scripts/4_4_1N2.sql
SQL> /*
SQL> DECLARE
SQL> 	     v_country_id countries.country_id%TYPE := 51;
SQL> 	     v_country_name countries.country_name%TYPE;
SQL> BEGIN
SQL> 	     WHILE v_country_id != 56 LOOP
SQL> 
SQL> 		     SELECT country_id, country_name
SQL> 		     INTO v_country_id, v_country_name
SQL> 		     FROM countries WHERE country_id = v_country_id;
SQL> 
SQL> 		     DBMS_OUTPUT.PUT_LINE(v_country_id ||' is '||v_country_name);
SQL> 
SQL> 		     v_country_id := v_country_id + 1;
SQL> 	     END LOOP;
SQL> END;
SQL> /
SQL> */
SQL> 
SQL> DECLARE
  2  	     v_country_id countries.country_id%TYPE;
  3  	     v_country_name countries.country_name%TYPE;
  4  BEGIN
  5  	     FOR i IN 51..55
  6  	     LOOP
  7  		     SELECT country_id, country_name
  8  		     INTO v_country_id, v_country_name
  9  		     FROM countries WHERE country_id = i;
 10  
 11  		     DBMS_OUTPUT.PUT_LINE(v_country_id ||' is '||v_country_name);
 12  
 13  	     END LOOP;
 14  END;
 15  /
51 is Republic of Peru                                                          
52 is United Mexican States                                                     
53 is Republic of Cuba                                                          
54 is Argentine Republic                                                        
55 is Federative Republic of Brazil                                             

PL/SQL procedure successfully completed.

SQL> @scripts/4_4_1N2.sql
SQL> /*
SQL> DECLARE
SQL> 	     v_country_id countries.country_id%TYPE := 51;
SQL> 	     v_country_name countries.country_name%TYPE;
SQL> BEGIN
SQL> 	     WHILE v_country_id != 56 LOOP
SQL> 
SQL> 		     SELECT country_id, country_name
SQL> 		     INTO v_country_id, v_country_name
SQL> 		     FROM countries WHERE country_id = v_country_id;
SQL> 
SQL> 		     DBMS_OUTPUT.PUT_LINE(v_country_id ||' is '||v_country_name);
SQL> 
SQL> 		     v_country_id := v_country_id + 1;
SQL> 	     END LOOP;
SQL> END;
SQL> /
SQL> */
SQL> 
SQL> DECLARE
  2  	     v_country_id countries.country_id%TYPE;
  3  	     v_country_name countries.country_name%TYPE;
  4  BEGIN
  5  	     FOR i IN 51..55
  6  	     LOOP
  7  		     SELECT country_id, country_name
  8  		     INTO v_country_id, v_country_name
  9  		     FROM countries WHERE country_id = i;
 10  
 11  		     DBMS_OUTPUT.PUT_LINE(v_country_id ||' is '||v_country_name);
 12  
 13  	     END LOOP;
 14  END;
 15  /
51 is Republic of Peru                                                          
52 is United Mexican States                                                     
53 is Republic of Cuba                                                          
54 is Argentine Republic                                                        
55 is Federative Republic of Brazil                                             

PL/SQL procedure successfully completed.

SQL> @scripts/4_4_3.sql
SQL> DROP TABLE new_emps;
DROP TABLE new_emps
           *
ERROR at line 1:
ORA-00942: table or view does not exist 


SQL> 
SQL> CREATE TABLE new_emps AS SELECT * FROM employees;

Table created.

SQL> 
SQL> ALTER TABLE new_emps ADD stars VARCHAR2(50);

Table altered.

SQL> 
SQL> @scripts/4_4_3.sql
SQL> /*
SQL> DROP TABLE new_emps;
SQL> 
SQL> CREATE TABLE new_emps AS SELECT * FROM employees;
SQL> 
SQL> ALTER TABLE new_emps ADD stars VARCHAR2(50);
SQL> */
SQL> DECLARE
  2  	     v_empno new_emps.employee_id%TYPE := 124;
  3  	     v_asterisk new_emps.stars%TYPE := NULL;
  4  	     v_sal_in_thousands new_emps.salary%TYPE;
  5  BEGIN
  6  	     SELECT NVL(TRUNC(salary/1000), 0) INTO v_sal_in_thousands
  7  	     FROM new_emps WHERE employee_id = v_empno;
  8  	     FOR i IN 1..v_sal_in_thousands
  9  	     LOOP
 10  
 11  	     v_asterisk:=v_asterisk||'*';
 12  
 13  	     UPDATE new_emps SET stars = v_asterisk
 14  	     WHERE employee_id = v_empno;
 15  
 16  	     END LOOP;
 17  END;
 18  /

PL/SQL procedure successfully completed.

SQL> SELECT stars FROM new_emps WHERE employee_id = 124;

STARS                                                                           
--------------------------------------------------                              
*****                                                                           

SQL> @scripts/4_4_3.sql
SQL> /*
SQL> DROP TABLE new_emps;
SQL> 
SQL> CREATE TABLE new_emps AS SELECT * FROM employees;
SQL> 
SQL> ALTER TABLE new_emps ADD stars VARCHAR2(50);
SQL> */
SQL> DECLARE
  2  	     v_empno new_emps.employee_id%TYPE := 142;
  3  	     v_asterisk new_emps.stars%TYPE := NULL;
  4  	     v_sal_in_thousands new_emps.salary%TYPE;
  5  BEGIN
  6  	     SELECT NVL(TRUNC(salary/1000), 0) INTO v_sal_in_thousands
  7  	     FROM new_emps WHERE employee_id = v_empno;
  8  	     FOR i IN 1..v_sal_in_thousands
  9  	     LOOP
 10  
 11  	     v_asterisk:=v_asterisk||'*';
 12  
 13  	     UPDATE new_emps SET stars = v_asterisk
 14  	     WHERE employee_id = v_empno;
 15  
 16  	     END LOOP;
 17  END;
 18  /

PL/SQL procedure successfully completed.

SQL> SELECT stars FROM new_emps WHERE employee_id = 142;

STARS                                                                           
--------------------------------------------------                              
***                                                                             

SQL> spool off
